2025-03-14 17:25:14,953 [INFO] 
📊 Analyzing wallet: CCreeLG968TrCxJWLZj3FoZpYzZ9HUviCZJMZkkZ4FWW
2025-03-14 17:25:14,954 [INFO] ═══════════════════════════
2025-03-14 17:25:15,183 [INFO] HTTP Request: POST https://rpc.helius.xyz/?api-key=708fa1db-5bba-4eaf-90c3-58750eb7090f "HTTP/1.1 200 OK"
2025-03-14 17:25:15,189 [INFO] Found 1 token accounts
2025-03-14 17:25:15,252 [INFO] HTTP Request: POST https://rpc.helius.xyz/?api-key=708fa1db-5bba-4eaf-90c3-58750eb7090f "HTTP/1.1 200 OK"
2025-03-14 17:25:15,255 [INFO] 
🔍 Checking transactions for token account: D74X5QWP2kENui4PLXHr2ZKzsWvWfoTYofevfP94rDE6
2025-03-14 17:25:15,592 [INFO] HTTP Request: POST https://rpc.helius.xyz/?api-key=708fa1db-5bba-4eaf-90c3-58750eb7090f "HTTP/1.1 200 OK"
2025-03-14 17:25:15,601 [INFO] Processing 136 transactions...
2025-03-14 17:25:15,647 [INFO] HTTP Request: POST https://rpc.helius.xyz/?api-key=708fa1db-5bba-4eaf-90c3-58750eb7090f "HTTP/1.1 200 OK"
2025-03-14 17:25:16,722 [INFO] HTTP Request: POST https://rpc.helius.xyz/?api-key=708fa1db-5bba-4eaf-90c3-58750eb7090f "HTTP/1.1 200 OK"
2025-03-14 17:25:17,775 [INFO] HTTP Request: POST https://rpc.helius.xyz/?api-key=708fa1db-5bba-4eaf-90c3-58750eb7090f "HTTP/1.1 200 OK"
2025-03-14 17:25:18,829 [INFO] HTTP Request: POST https://rpc.helius.xyz/?api-key=708fa1db-5bba-4eaf-90c3-58750eb7090f "HTTP/1.1 200 OK"
2025-03-14 17:25:19,886 [INFO] HTTP Request: POST https://rpc.helius.xyz/?api-key=708fa1db-5bba-4eaf-90c3-58750eb7090f "HTTP/1.1 200 OK"
2025-03-14 17:25:20,967 [INFO] HTTP Request: POST https://rpc.helius.xyz/?api-key=708fa1db-5bba-4eaf-90c3-58750eb7090f "HTTP/1.1 200 OK"
2025-03-14 17:25:22,020 [INFO] HTTP Request: POST https://rpc.helius.xyz/?api-key=708fa1db-5bba-4eaf-90c3-58750eb7090f "HTTP/1.1 200 OK"
2025-03-14 17:25:23,072 [INFO] HTTP Request: POST https://rpc.helius.xyz/?api-key=708fa1db-5bba-4eaf-90c3-58750eb7090f "HTTP/1.1 200 OK"
2025-03-14 17:25:24,119 [INFO] HTTP Request: POST https://rpc.helius.xyz/?api-key=708fa1db-5bba-4eaf-90c3-58750eb7090f "HTTP/1.1 200 OK"
2025-03-14 17:25:25,178 [INFO] HTTP Request: POST https://rpc.helius.xyz/?api-key=708fa1db-5bba-4eaf-90c3-58750eb7090f "HTTP/1.1 200 OK"
2025-03-14 17:25:26,236 [INFO] HTTP Request: POST https://rpc.helius.xyz/?api-key=708fa1db-5bba-4eaf-90c3-58750eb7090f "HTTP/1.1 200 OK"
2025-03-14 17:25:27,287 [INFO] HTTP Request: POST https://rpc.helius.xyz/?api-key=708fa1db-5bba-4eaf-90c3-58750eb7090f "HTTP/1.1 200 OK"
2025-03-14 17:25:28,342 [INFO] HTTP Request: POST https://rpc.helius.xyz/?api-key=708fa1db-5bba-4eaf-90c3-58750eb7090f "HTTP/1.1 200 OK"
2025-03-14 17:25:29,404 [INFO] HTTP Request: POST https://rpc.helius.xyz/?api-key=708fa1db-5bba-4eaf-90c3-58750eb7090f "HTTP/1.1 200 OK"
2025-03-14 17:25:30,490 [INFO] HTTP Request: POST https://rpc.helius.xyz/?api-key=708fa1db-5bba-4eaf-90c3-58750eb7090f "HTTP/1.1 200 OK"
2025-03-14 17:25:31,540 [INFO] HTTP Request: POST https://rpc.helius.xyz/?api-key=708fa1db-5bba-4eaf-90c3-58750eb7090f "HTTP/1.1 200 OK"
2025-03-14 17:25:32,593 [INFO] HTTP Request: POST https://rpc.helius.xyz/?api-key=708fa1db-5bba-4eaf-90c3-58750eb7090f "HTTP/1.1 200 OK"
2025-03-14 17:25:33,667 [INFO] HTTP Request: POST https://rpc.helius.xyz/?api-key=708fa1db-5bba-4eaf-90c3-58750eb7090f "HTTP/1.1 200 OK"
2025-03-14 17:25:34,740 [INFO] HTTP Request: POST https://rpc.helius.xyz/?api-key=708fa1db-5bba-4eaf-90c3-58750eb7090f "HTTP/1.1 200 OK"
2025-03-14 17:25:35,800 [INFO] HTTP Request: POST https://rpc.helius.xyz/?api-key=708fa1db-5bba-4eaf-90c3-58750eb7090f "HTTP/1.1 200 OK"
2025-03-14 17:25:36,857 [INFO] HTTP Request: POST https://rpc.helius.xyz/?api-key=708fa1db-5bba-4eaf-90c3-58750eb7090f "HTTP/1.1 200 OK"
2025-03-14 17:25:37,912 [INFO] HTTP Request: POST https://rpc.helius.xyz/?api-key=708fa1db-5bba-4eaf-90c3-58750eb7090f "HTTP/1.1 200 OK"
2025-03-14 17:25:38,977 [INFO] HTTP Request: POST https://rpc.helius.xyz/?api-key=708fa1db-5bba-4eaf-90c3-58750eb7090f "HTTP/1.1 200 OK"
2025-03-14 17:25:40,054 [INFO] HTTP Request: POST https://rpc.helius.xyz/?api-key=708fa1db-5bba-4eaf-90c3-58750eb7090f "HTTP/1.1 200 OK"
2025-03-14 17:25:41,116 [INFO] HTTP Request: POST https://rpc.helius.xyz/?api-key=708fa1db-5bba-4eaf-90c3-58750eb7090f "HTTP/1.1 200 OK"
2025-03-14 17:25:42,167 [INFO] HTTP Request: POST https://rpc.helius.xyz/?api-key=708fa1db-5bba-4eaf-90c3-58750eb7090f "HTTP/1.1 200 OK"
2025-03-14 17:25:43,228 [INFO] HTTP Request: POST https://rpc.helius.xyz/?api-key=708fa1db-5bba-4eaf-90c3-58750eb7090f "HTTP/1.1 200 OK"
2025-03-14 17:25:44,322 [INFO] HTTP Request: POST https://rpc.helius.xyz/?api-key=708fa1db-5bba-4eaf-90c3-58750eb7090f "HTTP/1.1 200 OK"
2025-03-14 17:25:45,397 [INFO] HTTP Request: POST https://rpc.helius.xyz/?api-key=708fa1db-5bba-4eaf-90c3-58750eb7090f "HTTP/1.1 200 OK"
2025-03-14 17:25:46,450 [INFO] HTTP Request: POST https://rpc.helius.xyz/?api-key=708fa1db-5bba-4eaf-90c3-58750eb7090f "HTTP/1.1 200 OK"
2025-03-14 17:25:47,506 [INFO] HTTP Request: POST https://rpc.helius.xyz/?api-key=708fa1db-5bba-4eaf-90c3-58750eb7090f "HTTP/1.1 200 OK"
2025-03-14 17:25:48,568 [INFO] HTTP Request: POST https://rpc.helius.xyz/?api-key=708fa1db-5bba-4eaf-90c3-58750eb7090f "HTTP/1.1 200 OK"
2025-03-14 17:25:49,623 [INFO] HTTP Request: POST https://rpc.helius.xyz/?api-key=708fa1db-5bba-4eaf-90c3-58750eb7090f "HTTP/1.1 200 OK"
2025-03-14 17:25:50,685 [INFO] HTTP Request: POST https://rpc.helius.xyz/?api-key=708fa1db-5bba-4eaf-90c3-58750eb7090f "HTTP/1.1 200 OK"
2025-03-14 17:25:51,744 [INFO] HTTP Request: POST https://rpc.helius.xyz/?api-key=708fa1db-5bba-4eaf-90c3-58750eb7090f "HTTP/1.1 200 OK"
2025-03-14 17:25:52,804 [INFO] HTTP Request: POST https://rpc.helius.xyz/?api-key=708fa1db-5bba-4eaf-90c3-58750eb7090f "HTTP/1.1 200 OK"
2025-03-14 17:25:53,855 [INFO] HTTP Request: POST https://rpc.helius.xyz/?api-key=708fa1db-5bba-4eaf-90c3-58750eb7090f "HTTP/1.1 200 OK"
2025-03-14 17:25:54,913 [INFO] HTTP Request: POST https://rpc.helius.xyz/?api-key=708fa1db-5bba-4eaf-90c3-58750eb7090f "HTTP/1.1 200 OK"
2025-03-14 17:25:55,975 [INFO] HTTP Request: POST https://rpc.helius.xyz/?api-key=708fa1db-5bba-4eaf-90c3-58750eb7090f "HTTP/1.1 200 OK"
2025-03-14 17:25:57,029 [INFO] HTTP Request: POST https://rpc.helius.xyz/?api-key=708fa1db-5bba-4eaf-90c3-58750eb7090f "HTTP/1.1 200 OK"
2025-03-14 17:25:58,087 [INFO] HTTP Request: POST https://rpc.helius.xyz/?api-key=708fa1db-5bba-4eaf-90c3-58750eb7090f "HTTP/1.1 200 OK"
2025-03-14 17:25:59,133 [INFO] HTTP Request: POST https://rpc.helius.xyz/?api-key=708fa1db-5bba-4eaf-90c3-58750eb7090f "HTTP/1.1 200 OK"
2025-03-14 17:26:00,197 [INFO] HTTP Request: POST https://rpc.helius.xyz/?api-key=708fa1db-5bba-4eaf-90c3-58750eb7090f "HTTP/1.1 200 OK"
2025-03-14 17:26:01,256 [INFO] HTTP Request: POST https://rpc.helius.xyz/?api-key=708fa1db-5bba-4eaf-90c3-58750eb7090f "HTTP/1.1 200 OK"
2025-03-14 17:26:02,308 [INFO] HTTP Request: POST https://rpc.helius.xyz/?api-key=708fa1db-5bba-4eaf-90c3-58750eb7090f "HTTP/1.1 200 OK"
2025-03-14 17:26:03,361 [INFO] HTTP Request: POST https://rpc.helius.xyz/?api-key=708fa1db-5bba-4eaf-90c3-58750eb7090f "HTTP/1.1 200 OK"
2025-03-14 17:26:04,416 [INFO] HTTP Request: POST https://rpc.helius.xyz/?api-key=708fa1db-5bba-4eaf-90c3-58750eb7090f "HTTP/1.1 200 OK"
2025-03-14 17:26:05,477 [INFO] HTTP Request: POST https://rpc.helius.xyz/?api-key=708fa1db-5bba-4eaf-90c3-58750eb7090f "HTTP/1.1 200 OK"
