2025-03-14 17:13:15,974 [INFO] 
📊 Analyzing wallet: CCreeLG968TrCxJWLZj3FoZpYzZ9HUviCZJMZkkZ4FWW
2025-03-14 17:13:15,974 [INFO] ═══════════════════════════
2025-03-14 17:13:16,169 [INFO] HTTP Request: POST https://rpc.helius.xyz/?api-key=708fa1db-5bba-4eaf-90c3-58750eb7090f "HTTP/1.1 200 OK"
2025-03-14 17:13:16,183 [INFO] Found 1 token accounts
2025-03-14 17:13:16,249 [INFO] HTTP Request: POST https://rpc.helius.xyz/?api-key=708fa1db-5bba-4eaf-90c3-58750eb7090f "HTTP/1.1 200 OK"
2025-03-14 17:13:16,250 [INFO] 
🔍 Checking transactions for token account: D74X5QWP2kENui4PLXHr2ZKzsWvWfoTYofevfP94rDE6
2025-03-14 17:13:16,530 [INFO] HTTP Request: POST https://rpc.helius.xyz/?api-key=708fa1db-5bba-4eaf-90c3-58750eb7090f "HTTP/1.1 200 OK"
2025-03-14 17:13:16,549 [INFO] Processing 136 transactions...
2025-03-14 17:13:16,598 [INFO] HTTP Request: POST https://rpc.helius.xyz/?api-key=708fa1db-5bba-4eaf-90c3-58750eb7090f "HTTP/1.1 200 OK"
2025-03-14 17:13:17,165 [INFO] HTTP Request: POST https://rpc.helius.xyz/?api-key=708fa1db-5bba-4eaf-90c3-58750eb7090f "HTTP/1.1 200 OK"
2025-03-14 17:13:17,722 [INFO] HTTP Request: POST https://rpc.helius.xyz/?api-key=708fa1db-5bba-4eaf-90c3-58750eb7090f "HTTP/1.1 200 OK"
2025-03-14 17:13:18,280 [INFO] HTTP Request: POST https://rpc.helius.xyz/?api-key=708fa1db-5bba-4eaf-90c3-58750eb7090f "HTTP/1.1 200 OK"
2025-03-14 17:13:18,837 [INFO] HTTP Request: POST https://rpc.helius.xyz/?api-key=708fa1db-5bba-4eaf-90c3-58750eb7090f "HTTP/1.1 200 OK"
2025-03-14 17:13:19,395 [INFO] HTTP Request: POST https://rpc.helius.xyz/?api-key=708fa1db-5bba-4eaf-90c3-58750eb7090f "HTTP/1.1 200 OK"
2025-03-14 17:13:19,947 [INFO] HTTP Request: POST https://rpc.helius.xyz/?api-key=708fa1db-5bba-4eaf-90c3-58750eb7090f "HTTP/1.1 200 OK"
2025-03-14 17:13:20,503 [INFO] HTTP Request: POST https://rpc.helius.xyz/?api-key=708fa1db-5bba-4eaf-90c3-58750eb7090f "HTTP/1.1 200 OK"
2025-03-14 17:13:21,063 [INFO] HTTP Request: POST https://rpc.helius.xyz/?api-key=708fa1db-5bba-4eaf-90c3-58750eb7090f "HTTP/1.1 200 OK"
2025-03-14 17:13:21,617 [INFO] HTTP Request: POST https://rpc.helius.xyz/?api-key=708fa1db-5bba-4eaf-90c3-58750eb7090f "HTTP/1.1 200 OK"
2025-03-14 17:13:22,183 [INFO] HTTP Request: POST https://rpc.helius.xyz/?api-key=708fa1db-5bba-4eaf-90c3-58750eb7090f "HTTP/1.1 200 OK"
2025-03-14 17:13:22,745 [INFO] HTTP Request: POST https://rpc.helius.xyz/?api-key=708fa1db-5bba-4eaf-90c3-58750eb7090f "HTTP/1.1 200 OK"
2025-03-14 17:13:23,314 [INFO] HTTP Request: POST https://rpc.helius.xyz/?api-key=708fa1db-5bba-4eaf-90c3-58750eb7090f "HTTP/1.1 200 OK"
2025-03-14 17:13:23,868 [INFO] HTTP Request: POST https://rpc.helius.xyz/?api-key=708fa1db-5bba-4eaf-90c3-58750eb7090f "HTTP/1.1 200 OK"
2025-03-14 17:13:24,427 [INFO] HTTP Request: POST https://rpc.helius.xyz/?api-key=708fa1db-5bba-4eaf-90c3-58750eb7090f "HTTP/1.1 200 OK"
2025-03-14 17:13:24,980 [INFO] HTTP Request: POST https://rpc.helius.xyz/?api-key=708fa1db-5bba-4eaf-90c3-58750eb7090f "HTTP/1.1 200 OK"
2025-03-14 17:13:25,542 [INFO] HTTP Request: POST https://rpc.helius.xyz/?api-key=708fa1db-5bba-4eaf-90c3-58750eb7090f "HTTP/1.1 200 OK"
2025-03-14 17:13:26,103 [INFO] HTTP Request: POST https://rpc.helius.xyz/?api-key=708fa1db-5bba-4eaf-90c3-58750eb7090f "HTTP/1.1 200 OK"
2025-03-14 17:13:26,659 [INFO] HTTP Request: POST https://rpc.helius.xyz/?api-key=708fa1db-5bba-4eaf-90c3-58750eb7090f "HTTP/1.1 200 OK"
2025-03-14 17:13:27,219 [INFO] HTTP Request: POST https://rpc.helius.xyz/?api-key=708fa1db-5bba-4eaf-90c3-58750eb7090f "HTTP/1.1 200 OK"
2025-03-14 17:13:27,779 [INFO] HTTP Request: POST https://rpc.helius.xyz/?api-key=708fa1db-5bba-4eaf-90c3-58750eb7090f "HTTP/1.1 200 OK"
2025-03-14 17:13:28,340 [INFO] HTTP Request: POST https://rpc.helius.xyz/?api-key=708fa1db-5bba-4eaf-90c3-58750eb7090f "HTTP/1.1 200 OK"
2025-03-14 17:13:28,908 [INFO] HTTP Request: POST https://rpc.helius.xyz/?api-key=708fa1db-5bba-4eaf-90c3-58750eb7090f "HTTP/1.1 200 OK"
2025-03-14 17:13:29,467 [INFO] HTTP Request: POST https://rpc.helius.xyz/?api-key=708fa1db-5bba-4eaf-90c3-58750eb7090f "HTTP/1.1 200 OK"
2025-03-14 17:13:30,032 [INFO] HTTP Request: POST https://rpc.helius.xyz/?api-key=708fa1db-5bba-4eaf-90c3-58750eb7090f "HTTP/1.1 200 OK"
2025-03-14 17:13:30,596 [INFO] HTTP Request: POST https://rpc.helius.xyz/?api-key=708fa1db-5bba-4eaf-90c3-58750eb7090f "HTTP/1.1 200 OK"
2025-03-14 17:13:31,161 [INFO] HTTP Request: POST https://rpc.helius.xyz/?api-key=708fa1db-5bba-4eaf-90c3-58750eb7090f "HTTP/1.1 200 OK"
2025-03-14 17:13:31,720 [INFO] HTTP Request: POST https://rpc.helius.xyz/?api-key=708fa1db-5bba-4eaf-90c3-58750eb7090f "HTTP/1.1 200 OK"
2025-03-14 17:13:32,274 [INFO] HTTP Request: POST https://rpc.helius.xyz/?api-key=708fa1db-5bba-4eaf-90c3-58750eb7090f "HTTP/1.1 200 OK"
2025-03-14 17:13:32,838 [INFO] HTTP Request: POST https://rpc.helius.xyz/?api-key=708fa1db-5bba-4eaf-90c3-58750eb7090f "HTTP/1.1 200 OK"
2025-03-14 17:13:33,394 [INFO] HTTP Request: POST https://rpc.helius.xyz/?api-key=708fa1db-5bba-4eaf-90c3-58750eb7090f "HTTP/1.1 200 OK"
2025-03-14 17:13:33,950 [INFO] HTTP Request: POST https://rpc.helius.xyz/?api-key=708fa1db-5bba-4eaf-90c3-58750eb7090f "HTTP/1.1 200 OK"
2025-03-14 17:13:34,510 [INFO] HTTP Request: POST https://rpc.helius.xyz/?api-key=708fa1db-5bba-4eaf-90c3-58750eb7090f "HTTP/1.1 200 OK"
2025-03-14 17:13:35,062 [INFO] HTTP Request: POST https://rpc.helius.xyz/?api-key=708fa1db-5bba-4eaf-90c3-58750eb7090f "HTTP/1.1 200 OK"
2025-03-14 17:13:35,622 [INFO] HTTP Request: POST https://rpc.helius.xyz/?api-key=708fa1db-5bba-4eaf-90c3-58750eb7090f "HTTP/1.1 200 OK"
2025-03-14 17:13:36,184 [INFO] HTTP Request: POST https://rpc.helius.xyz/?api-key=708fa1db-5bba-4eaf-90c3-58750eb7090f "HTTP/1.1 200 OK"
2025-03-14 17:13:36,799 [INFO] HTTP Request: POST https://rpc.helius.xyz/?api-key=708fa1db-5bba-4eaf-90c3-58750eb7090f "HTTP/1.1 200 OK"
2025-03-14 17:13:37,356 [INFO] HTTP Request: POST https://rpc.helius.xyz/?api-key=708fa1db-5bba-4eaf-90c3-58750eb7090f "HTTP/1.1 200 OK"
2025-03-14 17:13:37,924 [INFO] HTTP Request: POST https://rpc.helius.xyz/?api-key=708fa1db-5bba-4eaf-90c3-58750eb7090f "HTTP/1.1 200 OK"
2025-03-14 17:13:38,488 [INFO] HTTP Request: POST https://rpc.helius.xyz/?api-key=708fa1db-5bba-4eaf-90c3-58750eb7090f "HTTP/1.1 200 OK"
2025-03-14 17:13:39,051 [INFO] HTTP Request: POST https://rpc.helius.xyz/?api-key=708fa1db-5bba-4eaf-90c3-58750eb7090f "HTTP/1.1 200 OK"
2025-03-14 17:13:39,619 [INFO] HTTP Request: POST https://rpc.helius.xyz/?api-key=708fa1db-5bba-4eaf-90c3-58750eb7090f "HTTP/1.1 200 OK"
2025-03-14 17:13:40,174 [INFO] HTTP Request: POST https://rpc.helius.xyz/?api-key=708fa1db-5bba-4eaf-90c3-58750eb7090f "HTTP/1.1 200 OK"
2025-03-14 17:13:40,733 [INFO] HTTP Request: POST https://rpc.helius.xyz/?api-key=708fa1db-5bba-4eaf-90c3-58750eb7090f "HTTP/1.1 200 OK"
2025-03-14 17:13:41,291 [INFO] HTTP Request: POST https://rpc.helius.xyz/?api-key=708fa1db-5bba-4eaf-90c3-58750eb7090f "HTTP/1.1 200 OK"
2025-03-14 17:13:41,840 [INFO] HTTP Request: POST https://rpc.helius.xyz/?api-key=708fa1db-5bba-4eaf-90c3-58750eb7090f "HTTP/1.1 200 OK"
2025-03-14 17:13:42,397 [INFO] HTTP Request: POST https://rpc.helius.xyz/?api-key=708fa1db-5bba-4eaf-90c3-58750eb7090f "HTTP/1.1 200 OK"
2025-03-14 17:13:42,967 [INFO] HTTP Request: POST https://rpc.helius.xyz/?api-key=708fa1db-5bba-4eaf-90c3-58750eb7090f "HTTP/1.1 200 OK"
2025-03-14 17:13:43,523 [INFO] HTTP Request: POST https://rpc.helius.xyz/?api-key=708fa1db-5bba-4eaf-90c3-58750eb7090f "HTTP/1.1 200 OK"
2025-03-14 17:13:44,031 [INFO] Progress: 50/136 transactions (36.8%)
2025-03-14 17:13:44,088 [INFO] HTTP Request: POST https://rpc.helius.xyz/?api-key=708fa1db-5bba-4eaf-90c3-58750eb7090f "HTTP/1.1 200 OK"
2025-03-14 17:13:44,642 [INFO] HTTP Request: POST https://rpc.helius.xyz/?api-key=708fa1db-5bba-4eaf-90c3-58750eb7090f "HTTP/1.1 200 OK"
2025-03-14 17:13:45,190 [INFO] HTTP Request: POST https://rpc.helius.xyz/?api-key=708fa1db-5bba-4eaf-90c3-58750eb7090f "HTTP/1.1 200 OK"
2025-03-14 17:13:45,743 [INFO] HTTP Request: POST https://rpc.helius.xyz/?api-key=708fa1db-5bba-4eaf-90c3-58750eb7090f "HTTP/1.1 200 OK"
2025-03-14 17:13:46,308 [INFO] HTTP Request: POST https://rpc.helius.xyz/?api-key=708fa1db-5bba-4eaf-90c3-58750eb7090f "HTTP/1.1 200 OK"
2025-03-14 17:13:46,890 [INFO] HTTP Request: POST https://rpc.helius.xyz/?api-key=708fa1db-5bba-4eaf-90c3-58750eb7090f "HTTP/1.1 200 OK"
2025-03-14 17:13:47,461 [INFO] HTTP Request: POST https://rpc.helius.xyz/?api-key=708fa1db-5bba-4eaf-90c3-58750eb7090f "HTTP/1.1 200 OK"
2025-03-14 17:13:48,034 [INFO] HTTP Request: POST https://rpc.helius.xyz/?api-key=708fa1db-5bba-4eaf-90c3-58750eb7090f "HTTP/1.1 200 OK"
2025-03-14 17:13:48,593 [INFO] HTTP Request: POST https://rpc.helius.xyz/?api-key=708fa1db-5bba-4eaf-90c3-58750eb7090f "HTTP/1.1 200 OK"
2025-03-14 17:13:49,145 [INFO] HTTP Request: POST https://rpc.helius.xyz/?api-key=708fa1db-5bba-4eaf-90c3-58750eb7090f "HTTP/1.1 200 OK"
2025-03-14 17:13:49,702 [INFO] HTTP Request: POST https://rpc.helius.xyz/?api-key=708fa1db-5bba-4eaf-90c3-58750eb7090f "HTTP/1.1 200 OK"
2025-03-14 17:13:50,263 [INFO] HTTP Request: POST https://rpc.helius.xyz/?api-key=708fa1db-5bba-4eaf-90c3-58750eb7090f "HTTP/1.1 200 OK"
2025-03-14 17:13:50,820 [INFO] HTTP Request: POST https://rpc.helius.xyz/?api-key=708fa1db-5bba-4eaf-90c3-58750eb7090f "HTTP/1.1 200 OK"
2025-03-14 17:13:51,370 [INFO] HTTP Request: POST https://rpc.helius.xyz/?api-key=708fa1db-5bba-4eaf-90c3-58750eb7090f "HTTP/1.1 200 OK"
2025-03-14 17:13:51,924 [INFO] HTTP Request: POST https://rpc.helius.xyz/?api-key=708fa1db-5bba-4eaf-90c3-58750eb7090f "HTTP/1.1 200 OK"
2025-03-14 17:13:52,487 [INFO] HTTP Request: POST https://rpc.helius.xyz/?api-key=708fa1db-5bba-4eaf-90c3-58750eb7090f "HTTP/1.1 200 OK"
2025-03-14 17:13:53,040 [INFO] HTTP Request: POST https://rpc.helius.xyz/?api-key=708fa1db-5bba-4eaf-90c3-58750eb7090f "HTTP/1.1 200 OK"
2025-03-14 17:13:53,591 [INFO] HTTP Request: POST https://rpc.helius.xyz/?api-key=708fa1db-5bba-4eaf-90c3-58750eb7090f "HTTP/1.1 200 OK"
2025-03-14 17:13:54,146 [INFO] HTTP Request: POST https://rpc.helius.xyz/?api-key=708fa1db-5bba-4eaf-90c3-58750eb7090f "HTTP/1.1 200 OK"
2025-03-14 17:13:54,704 [INFO] HTTP Request: POST https://rpc.helius.xyz/?api-key=708fa1db-5bba-4eaf-90c3-58750eb7090f "HTTP/1.1 200 OK"
2025-03-14 17:13:55,269 [INFO] HTTP Request: POST https://rpc.helius.xyz/?api-key=708fa1db-5bba-4eaf-90c3-58750eb7090f "HTTP/1.1 200 OK"
2025-03-14 17:13:55,822 [INFO] HTTP Request: POST https://rpc.helius.xyz/?api-key=708fa1db-5bba-4eaf-90c3-58750eb7090f "HTTP/1.1 200 OK"
2025-03-14 17:13:56,382 [INFO] HTTP Request: POST https://rpc.helius.xyz/?api-key=708fa1db-5bba-4eaf-90c3-58750eb7090f "HTTP/1.1 200 OK"
2025-03-14 17:13:56,940 [INFO] HTTP Request: POST https://rpc.helius.xyz/?api-key=708fa1db-5bba-4eaf-90c3-58750eb7090f "HTTP/1.1 200 OK"
2025-03-14 17:13:57,507 [INFO] HTTP Request: POST https://rpc.helius.xyz/?api-key=708fa1db-5bba-4eaf-90c3-58750eb7090f "HTTP/1.1 200 OK"
2025-03-14 17:13:58,062 [INFO] HTTP Request: POST https://rpc.helius.xyz/?api-key=708fa1db-5bba-4eaf-90c3-58750eb7090f "HTTP/1.1 200 OK"
2025-03-14 17:13:58,612 [INFO] HTTP Request: POST https://rpc.helius.xyz/?api-key=708fa1db-5bba-4eaf-90c3-58750eb7090f "HTTP/1.1 200 OK"
2025-03-14 17:13:59,173 [INFO] HTTP Request: POST https://rpc.helius.xyz/?api-key=708fa1db-5bba-4eaf-90c3-58750eb7090f "HTTP/1.1 200 OK"
2025-03-14 17:13:59,729 [INFO] HTTP Request: POST https://rpc.helius.xyz/?api-key=708fa1db-5bba-4eaf-90c3-58750eb7090f "HTTP/1.1 200 OK"
2025-03-14 17:14:00,287 [INFO] HTTP Request: POST https://rpc.helius.xyz/?api-key=708fa1db-5bba-4eaf-90c3-58750eb7090f "HTTP/1.1 200 OK"
2025-03-14 17:14:00,840 [INFO] HTTP Request: POST https://rpc.helius.xyz/?api-key=708fa1db-5bba-4eaf-90c3-58750eb7090f "HTTP/1.1 200 OK"
2025-03-14 17:14:01,397 [INFO] HTTP Request: POST https://rpc.helius.xyz/?api-key=708fa1db-5bba-4eaf-90c3-58750eb7090f "HTTP/1.1 200 OK"
2025-03-14 17:14:01,963 [INFO] HTTP Request: POST https://rpc.helius.xyz/?api-key=708fa1db-5bba-4eaf-90c3-58750eb7090f "HTTP/1.1 200 OK"
2025-03-14 17:14:02,517 [INFO] HTTP Request: POST https://rpc.helius.xyz/?api-key=708fa1db-5bba-4eaf-90c3-58750eb7090f "HTTP/1.1 200 OK"
2025-03-14 17:14:03,068 [INFO] HTTP Request: POST https://rpc.helius.xyz/?api-key=708fa1db-5bba-4eaf-90c3-58750eb7090f "HTTP/1.1 200 OK"
2025-03-14 17:14:03,626 [INFO] HTTP Request: POST https://rpc.helius.xyz/?api-key=708fa1db-5bba-4eaf-90c3-58750eb7090f "HTTP/1.1 200 OK"
2025-03-14 17:14:04,179 [INFO] HTTP Request: POST https://rpc.helius.xyz/?api-key=708fa1db-5bba-4eaf-90c3-58750eb7090f "HTTP/1.1 200 OK"
2025-03-14 17:14:04,735 [INFO] HTTP Request: POST https://rpc.helius.xyz/?api-key=708fa1db-5bba-4eaf-90c3-58750eb7090f "HTTP/1.1 200 OK"
2025-03-14 17:14:05,285 [INFO] HTTP Request: POST https://rpc.helius.xyz/?api-key=708fa1db-5bba-4eaf-90c3-58750eb7090f "HTTP/1.1 200 OK"
2025-03-14 17:14:05,843 [INFO] HTTP Request: POST https://rpc.helius.xyz/?api-key=708fa1db-5bba-4eaf-90c3-58750eb7090f "HTTP/1.1 200 OK"
2025-03-14 17:14:06,405 [INFO] HTTP Request: POST https://rpc.helius.xyz/?api-key=708fa1db-5bba-4eaf-90c3-58750eb7090f "HTTP/1.1 200 OK"
2025-03-14 17:14:06,966 [INFO] HTTP Request: POST https://rpc.helius.xyz/?api-key=708fa1db-5bba-4eaf-90c3-58750eb7090f "HTTP/1.1 200 OK"
2025-03-14 17:14:07,524 [INFO] HTTP Request: POST https://rpc.helius.xyz/?api-key=708fa1db-5bba-4eaf-90c3-58750eb7090f "HTTP/1.1 200 OK"
2025-03-14 17:14:08,083 [INFO] HTTP Request: POST https://rpc.helius.xyz/?api-key=708fa1db-5bba-4eaf-90c3-58750eb7090f "HTTP/1.1 200 OK"
2025-03-14 17:14:08,642 [INFO] HTTP Request: POST https://rpc.helius.xyz/?api-key=708fa1db-5bba-4eaf-90c3-58750eb7090f "HTTP/1.1 200 OK"
2025-03-14 17:14:09,194 [INFO] HTTP Request: POST https://rpc.helius.xyz/?api-key=708fa1db-5bba-4eaf-90c3-58750eb7090f "HTTP/1.1 200 OK"
2025-03-14 17:14:09,759 [INFO] HTTP Request: POST https://rpc.helius.xyz/?api-key=708fa1db-5bba-4eaf-90c3-58750eb7090f "HTTP/1.1 200 OK"
2025-03-14 17:14:10,310 [INFO] HTTP Request: POST https://rpc.helius.xyz/?api-key=708fa1db-5bba-4eaf-90c3-58750eb7090f "HTTP/1.1 200 OK"
2025-03-14 17:14:10,864 [INFO] HTTP Request: POST https://rpc.helius.xyz/?api-key=708fa1db-5bba-4eaf-90c3-58750eb7090f "HTTP/1.1 200 OK"
2025-03-14 17:14:11,420 [INFO] HTTP Request: POST https://rpc.helius.xyz/?api-key=708fa1db-5bba-4eaf-90c3-58750eb7090f "HTTP/1.1 200 OK"
2025-03-14 17:14:11,926 [INFO] Progress: 100/136 transactions (73.5%)
2025-03-14 17:14:11,979 [INFO] HTTP Request: POST https://rpc.helius.xyz/?api-key=708fa1db-5bba-4eaf-90c3-58750eb7090f "HTTP/1.1 200 OK"
2025-03-14 17:14:12,529 [INFO] HTTP Request: POST https://rpc.helius.xyz/?api-key=708fa1db-5bba-4eaf-90c3-58750eb7090f "HTTP/1.1 200 OK"
2025-03-14 17:14:13,076 [INFO] HTTP Request: POST https://rpc.helius.xyz/?api-key=708fa1db-5bba-4eaf-90c3-58750eb7090f "HTTP/1.1 200 OK"
2025-03-14 17:14:13,632 [INFO] HTTP Request: POST https://rpc.helius.xyz/?api-key=708fa1db-5bba-4eaf-90c3-58750eb7090f "HTTP/1.1 200 OK"
2025-03-14 17:14:14,181 [INFO] HTTP Request: POST https://rpc.helius.xyz/?api-key=708fa1db-5bba-4eaf-90c3-58750eb7090f "HTTP/1.1 200 OK"
2025-03-14 17:14:14,733 [INFO] HTTP Request: POST https://rpc.helius.xyz/?api-key=708fa1db-5bba-4eaf-90c3-58750eb7090f "HTTP/1.1 200 OK"
2025-03-14 17:14:15,289 [INFO] HTTP Request: POST https://rpc.helius.xyz/?api-key=708fa1db-5bba-4eaf-90c3-58750eb7090f "HTTP/1.1 200 OK"
2025-03-14 17:14:15,847 [INFO] HTTP Request: POST https://rpc.helius.xyz/?api-key=708fa1db-5bba-4eaf-90c3-58750eb7090f "HTTP/1.1 200 OK"
2025-03-14 17:14:16,418 [INFO] HTTP Request: POST https://rpc.helius.xyz/?api-key=708fa1db-5bba-4eaf-90c3-58750eb7090f "HTTP/1.1 200 OK"
2025-03-14 17:14:16,977 [INFO] HTTP Request: POST https://rpc.helius.xyz/?api-key=708fa1db-5bba-4eaf-90c3-58750eb7090f "HTTP/1.1 200 OK"
2025-03-14 17:14:17,529 [INFO] HTTP Request: POST https://rpc.helius.xyz/?api-key=708fa1db-5bba-4eaf-90c3-58750eb7090f "HTTP/1.1 200 OK"
2025-03-14 17:14:18,086 [INFO] HTTP Request: POST https://rpc.helius.xyz/?api-key=708fa1db-5bba-4eaf-90c3-58750eb7090f "HTTP/1.1 200 OK"
2025-03-14 17:14:18,636 [INFO] HTTP Request: POST https://rpc.helius.xyz/?api-key=708fa1db-5bba-4eaf-90c3-58750eb7090f "HTTP/1.1 200 OK"
2025-03-14 17:14:19,194 [INFO] HTTP Request: POST https://rpc.helius.xyz/?api-key=708fa1db-5bba-4eaf-90c3-58750eb7090f "HTTP/1.1 200 OK"
2025-03-14 17:14:19,753 [INFO] HTTP Request: POST https://rpc.helius.xyz/?api-key=708fa1db-5bba-4eaf-90c3-58750eb7090f "HTTP/1.1 200 OK"
2025-03-14 17:14:20,315 [INFO] HTTP Request: POST https://rpc.helius.xyz/?api-key=708fa1db-5bba-4eaf-90c3-58750eb7090f "HTTP/1.1 200 OK"
2025-03-14 17:14:20,902 [INFO] HTTP Request: POST https://rpc.helius.xyz/?api-key=708fa1db-5bba-4eaf-90c3-58750eb7090f "HTTP/1.1 200 OK"
2025-03-14 17:14:21,495 [INFO] HTTP Request: POST https://rpc.helius.xyz/?api-key=708fa1db-5bba-4eaf-90c3-58750eb7090f "HTTP/1.1 200 OK"
2025-03-14 17:14:22,047 [INFO] HTTP Request: POST https://rpc.helius.xyz/?api-key=708fa1db-5bba-4eaf-90c3-58750eb7090f "HTTP/1.1 200 OK"
2025-03-14 17:14:22,608 [INFO] HTTP Request: POST https://rpc.helius.xyz/?api-key=708fa1db-5bba-4eaf-90c3-58750eb7090f "HTTP/1.1 200 OK"
2025-03-14 17:14:23,166 [INFO] HTTP Request: POST https://rpc.helius.xyz/?api-key=708fa1db-5bba-4eaf-90c3-58750eb7090f "HTTP/1.1 200 OK"
2025-03-14 17:14:23,710 [INFO] HTTP Request: POST https://rpc.helius.xyz/?api-key=708fa1db-5bba-4eaf-90c3-58750eb7090f "HTTP/1.1 200 OK"
2025-03-14 17:14:24,264 [INFO] HTTP Request: POST https://rpc.helius.xyz/?api-key=708fa1db-5bba-4eaf-90c3-58750eb7090f "HTTP/1.1 200 OK"
2025-03-14 17:14:24,824 [INFO] HTTP Request: POST https://rpc.helius.xyz/?api-key=708fa1db-5bba-4eaf-90c3-58750eb7090f "HTTP/1.1 200 OK"
2025-03-14 17:14:25,386 [INFO] HTTP Request: POST https://rpc.helius.xyz/?api-key=708fa1db-5bba-4eaf-90c3-58750eb7090f "HTTP/1.1 200 OK"
2025-03-14 17:14:25,938 [INFO] HTTP Request: POST https://rpc.helius.xyz/?api-key=708fa1db-5bba-4eaf-90c3-58750eb7090f "HTTP/1.1 200 OK"
2025-03-14 17:14:26,491 [INFO] HTTP Request: POST https://rpc.helius.xyz/?api-key=708fa1db-5bba-4eaf-90c3-58750eb7090f "HTTP/1.1 200 OK"
2025-03-14 17:14:27,054 [INFO] HTTP Request: POST https://rpc.helius.xyz/?api-key=708fa1db-5bba-4eaf-90c3-58750eb7090f "HTTP/1.1 200 OK"
2025-03-14 17:14:27,611 [INFO] HTTP Request: POST https://rpc.helius.xyz/?api-key=708fa1db-5bba-4eaf-90c3-58750eb7090f "HTTP/1.1 200 OK"
2025-03-14 17:14:28,308 [INFO] HTTP Request: POST https://rpc.helius.xyz/?api-key=708fa1db-5bba-4eaf-90c3-58750eb7090f "HTTP/1.1 200 OK"
2025-03-14 17:14:28,892 [INFO] HTTP Request: POST https://rpc.helius.xyz/?api-key=708fa1db-5bba-4eaf-90c3-58750eb7090f "HTTP/1.1 200 OK"
2025-03-14 17:14:29,453 [INFO] HTTP Request: POST https://rpc.helius.xyz/?api-key=708fa1db-5bba-4eaf-90c3-58750eb7090f "HTTP/1.1 200 OK"
2025-03-14 17:14:30,027 [INFO] HTTP Request: POST https://rpc.helius.xyz/?api-key=708fa1db-5bba-4eaf-90c3-58750eb7090f "HTTP/1.1 200 OK"
2025-03-14 17:14:30,586 [INFO] HTTP Request: POST https://rpc.helius.xyz/?api-key=708fa1db-5bba-4eaf-90c3-58750eb7090f "HTTP/1.1 200 OK"
2025-03-14 17:14:31,142 [INFO] HTTP Request: POST https://rpc.helius.xyz/?api-key=708fa1db-5bba-4eaf-90c3-58750eb7090f "HTTP/1.1 200 OK"
2025-03-14 17:14:31,700 [INFO] HTTP Request: POST https://rpc.helius.xyz/?api-key=708fa1db-5bba-4eaf-90c3-58750eb7090f "HTTP/1.1 200 OK"
2025-03-14 17:14:32,249 [INFO] HTTP Request: POST https://rpc.helius.xyz/?api-key=708fa1db-5bba-4eaf-90c3-58750eb7090f "HTTP/1.1 200 OK"
2025-03-14 17:14:32,753 [INFO] Completed processing 136 transactions
2025-03-14 17:14:32,753 [INFO] 
📊 Analyzing wallet: FHqoNsXTVsiQHWnXTiJnTNXG9yTAwb2y5hFpbVqF3wSP
2025-03-14 17:14:32,754 [INFO] ═══════════════════════════
2025-03-14 17:14:32,896 [INFO] HTTP Request: POST https://rpc.helius.xyz/?api-key=708fa1db-5bba-4eaf-90c3-58750eb7090f "HTTP/1.1 200 OK"
2025-03-14 17:14:32,933 [INFO] Found 1 token accounts
2025-03-14 17:14:32,999 [INFO] HTTP Request: POST https://rpc.helius.xyz/?api-key=708fa1db-5bba-4eaf-90c3-58750eb7090f "HTTP/1.1 200 OK"
2025-03-14 17:14:33,002 [INFO] 
🔍 Checking transactions for token account: BQWpvDfSxnUp4JEyDLrQXYUKrsNq7FQDUjgbgC5iMXpK
2025-03-14 17:14:33,598 [INFO] HTTP Request: POST https://rpc.helius.xyz/?api-key=708fa1db-5bba-4eaf-90c3-58750eb7090f "HTTP/1.1 200 OK"
2025-03-14 17:14:33,601 [INFO] Processing 42 transactions...
2025-03-14 17:14:33,650 [INFO] HTTP Request: POST https://rpc.helius.xyz/?api-key=708fa1db-5bba-4eaf-90c3-58750eb7090f "HTTP/1.1 200 OK"
2025-03-14 17:14:34,199 [INFO] HTTP Request: POST https://rpc.helius.xyz/?api-key=708fa1db-5bba-4eaf-90c3-58750eb7090f "HTTP/1.1 200 OK"
2025-03-14 17:14:34,752 [INFO] HTTP Request: POST https://rpc.helius.xyz/?api-key=708fa1db-5bba-4eaf-90c3-58750eb7090f "HTTP/1.1 200 OK"
2025-03-14 17:14:35,311 [INFO] HTTP Request: POST https://rpc.helius.xyz/?api-key=708fa1db-5bba-4eaf-90c3-58750eb7090f "HTTP/1.1 200 OK"
2025-03-14 17:14:35,881 [INFO] HTTP Request: POST https://rpc.helius.xyz/?api-key=708fa1db-5bba-4eaf-90c3-58750eb7090f "HTTP/1.1 200 OK"
2025-03-14 17:14:36,617 [INFO] HTTP Request: POST https://rpc.helius.xyz/?api-key=708fa1db-5bba-4eaf-90c3-58750eb7090f "HTTP/1.1 200 OK"
2025-03-14 17:14:37,174 [INFO] HTTP Request: POST https://rpc.helius.xyz/?api-key=708fa1db-5bba-4eaf-90c3-58750eb7090f "HTTP/1.1 200 OK"
2025-03-14 17:14:37,728 [INFO] HTTP Request: POST https://rpc.helius.xyz/?api-key=708fa1db-5bba-4eaf-90c3-58750eb7090f "HTTP/1.1 200 OK"
2025-03-14 17:14:38,292 [INFO] HTTP Request: POST https://rpc.helius.xyz/?api-key=708fa1db-5bba-4eaf-90c3-58750eb7090f "HTTP/1.1 200 OK"
2025-03-14 17:14:38,876 [INFO] HTTP Request: POST https://rpc.helius.xyz/?api-key=708fa1db-5bba-4eaf-90c3-58750eb7090f "HTTP/1.1 200 OK"
2025-03-14 17:14:39,474 [INFO] HTTP Request: POST https://rpc.helius.xyz/?api-key=708fa1db-5bba-4eaf-90c3-58750eb7090f "HTTP/1.1 200 OK"
2025-03-14 17:14:40,037 [INFO] HTTP Request: POST https://rpc.helius.xyz/?api-key=708fa1db-5bba-4eaf-90c3-58750eb7090f "HTTP/1.1 200 OK"
2025-03-14 17:14:40,613 [INFO] HTTP Request: POST https://rpc.helius.xyz/?api-key=708fa1db-5bba-4eaf-90c3-58750eb7090f "HTTP/1.1 200 OK"
2025-03-14 17:14:41,172 [INFO] HTTP Request: POST https://rpc.helius.xyz/?api-key=708fa1db-5bba-4eaf-90c3-58750eb7090f "HTTP/1.1 200 OK"
2025-03-14 17:14:41,732 [INFO] HTTP Request: POST https://rpc.helius.xyz/?api-key=708fa1db-5bba-4eaf-90c3-58750eb7090f "HTTP/1.1 200 OK"
2025-03-14 17:14:42,314 [INFO] HTTP Request: POST https://rpc.helius.xyz/?api-key=708fa1db-5bba-4eaf-90c3-58750eb7090f "HTTP/1.1 200 OK"
2025-03-14 17:14:42,863 [INFO] HTTP Request: POST https://rpc.helius.xyz/?api-key=708fa1db-5bba-4eaf-90c3-58750eb7090f "HTTP/1.1 200 OK"
2025-03-14 17:14:43,426 [INFO] HTTP Request: POST https://rpc.helius.xyz/?api-key=708fa1db-5bba-4eaf-90c3-58750eb7090f "HTTP/1.1 200 OK"
2025-03-14 17:14:43,978 [INFO] HTTP Request: POST https://rpc.helius.xyz/?api-key=708fa1db-5bba-4eaf-90c3-58750eb7090f "HTTP/1.1 200 OK"
2025-03-14 17:14:44,540 [INFO] HTTP Request: POST https://rpc.helius.xyz/?api-key=708fa1db-5bba-4eaf-90c3-58750eb7090f "HTTP/1.1 200 OK"
2025-03-14 17:14:45,122 [INFO] HTTP Request: POST https://rpc.helius.xyz/?api-key=708fa1db-5bba-4eaf-90c3-58750eb7090f "HTTP/1.1 200 OK"
2025-03-14 17:14:45,687 [INFO] HTTP Request: POST https://rpc.helius.xyz/?api-key=708fa1db-5bba-4eaf-90c3-58750eb7090f "HTTP/1.1 200 OK"
2025-03-14 17:14:46,246 [INFO] HTTP Request: POST https://rpc.helius.xyz/?api-key=708fa1db-5bba-4eaf-90c3-58750eb7090f "HTTP/1.1 200 OK"
2025-03-14 17:14:46,804 [INFO] HTTP Request: POST https://rpc.helius.xyz/?api-key=708fa1db-5bba-4eaf-90c3-58750eb7090f "HTTP/1.1 200 OK"
2025-03-14 17:14:47,358 [INFO] HTTP Request: POST https://rpc.helius.xyz/?api-key=708fa1db-5bba-4eaf-90c3-58750eb7090f "HTTP/1.1 200 OK"
2025-03-14 17:14:47,911 [INFO] HTTP Request: POST https://rpc.helius.xyz/?api-key=708fa1db-5bba-4eaf-90c3-58750eb7090f "HTTP/1.1 200 OK"
2025-03-14 17:14:48,468 [INFO] HTTP Request: POST https://rpc.helius.xyz/?api-key=708fa1db-5bba-4eaf-90c3-58750eb7090f "HTTP/1.1 200 OK"
2025-03-14 17:14:49,032 [INFO] HTTP Request: POST https://rpc.helius.xyz/?api-key=708fa1db-5bba-4eaf-90c3-58750eb7090f "HTTP/1.1 200 OK"
2025-03-14 17:14:49,591 [INFO] HTTP Request: POST https://rpc.helius.xyz/?api-key=708fa1db-5bba-4eaf-90c3-58750eb7090f "HTTP/1.1 200 OK"
2025-03-14 17:14:50,150 [INFO] HTTP Request: POST https://rpc.helius.xyz/?api-key=708fa1db-5bba-4eaf-90c3-58750eb7090f "HTTP/1.1 200 OK"
2025-03-14 17:14:50,710 [INFO] HTTP Request: POST https://rpc.helius.xyz/?api-key=708fa1db-5bba-4eaf-90c3-58750eb7090f "HTTP/1.1 200 OK"
2025-03-14 17:14:51,264 [INFO] HTTP Request: POST https://rpc.helius.xyz/?api-key=708fa1db-5bba-4eaf-90c3-58750eb7090f "HTTP/1.1 200 OK"
2025-03-14 17:14:51,827 [INFO] HTTP Request: POST https://rpc.helius.xyz/?api-key=708fa1db-5bba-4eaf-90c3-58750eb7090f "HTTP/1.1 200 OK"
2025-03-14 17:14:52,378 [INFO] HTTP Request: POST https://rpc.helius.xyz/?api-key=708fa1db-5bba-4eaf-90c3-58750eb7090f "HTTP/1.1 200 OK"
2025-03-14 17:14:52,934 [INFO] HTTP Request: POST https://rpc.helius.xyz/?api-key=708fa1db-5bba-4eaf-90c3-58750eb7090f "HTTP/1.1 200 OK"
2025-03-14 17:14:53,488 [INFO] HTTP Request: POST https://rpc.helius.xyz/?api-key=708fa1db-5bba-4eaf-90c3-58750eb7090f "HTTP/1.1 200 OK"
2025-03-14 17:14:54,057 [INFO] HTTP Request: POST https://rpc.helius.xyz/?api-key=708fa1db-5bba-4eaf-90c3-58750eb7090f "HTTP/1.1 200 OK"
2025-03-14 17:14:54,615 [INFO] HTTP Request: POST https://rpc.helius.xyz/?api-key=708fa1db-5bba-4eaf-90c3-58750eb7090f "HTTP/1.1 200 OK"
2025-03-14 17:14:55,177 [INFO] HTTP Request: POST https://rpc.helius.xyz/?api-key=708fa1db-5bba-4eaf-90c3-58750eb7090f "HTTP/1.1 200 OK"
2025-03-14 17:14:55,733 [INFO] HTTP Request: POST https://rpc.helius.xyz/?api-key=708fa1db-5bba-4eaf-90c3-58750eb7090f "HTTP/1.1 200 OK"
2025-03-14 17:14:56,284 [INFO] HTTP Request: POST https://rpc.helius.xyz/?api-key=708fa1db-5bba-4eaf-90c3-58750eb7090f "HTTP/1.1 200 OK"
2025-03-14 17:14:56,837 [INFO] HTTP Request: POST https://rpc.helius.xyz/?api-key=708fa1db-5bba-4eaf-90c3-58750eb7090f "HTTP/1.1 200 OK"
2025-03-14 17:14:57,344 [INFO] Completed processing 42 transactions
