2025-03-14 17:12:26,526 [INFO] 
📊 Analyzing wallet: CCreeLG968TrCxJWLZj3FoZpYzZ9HUviCZJMZkkZ4FWW
2025-03-14 17:12:26,527 [INFO] ═══════════════════════════
2025-03-14 17:12:26,709 [INFO] HTTP Request: POST https://rpc.helius.xyz/?api-key=708fa1db-5bba-4eaf-90c3-58750eb7090f "HTTP/1.1 200 OK"
2025-03-14 17:12:26,715 [INFO] Found 1 token accounts
2025-03-14 17:12:26,800 [INFO] HTTP Request: POST https://rpc.helius.xyz/?api-key=708fa1db-5bba-4eaf-90c3-58750eb7090f "HTTP/1.1 200 OK"
2025-03-14 17:12:26,801 [INFO] 
🔍 Checking transactions for token account: D74X5QWP2kENui4PLXHr2ZKzsWvWfoTYofevfP94rDE6
2025-03-14 17:12:27,093 [INFO] HTTP Request: POST https://rpc.helius.xyz/?api-key=708fa1db-5bba-4eaf-90c3-58750eb7090f "HTTP/1.1 200 OK"
2025-03-14 17:12:27,100 [INFO] Processing 136 transactions...
2025-03-14 17:12:27,607 [INFO] HTTP Request: POST https://rpc.helius.xyz/?api-key=708fa1db-5bba-4eaf-90c3-58750eb7090f "HTTP/1.1 200 OK"
2025-03-14 17:12:27,614 [WARNING] Attempt 1/3 failed: UnsupportedTransactionVersionMessage { message: "Transaction version (0) is not supported by the requesting client. Please try the request again with the following configuration parameter: \"maxSupportedTransactionVersion\": 0" }
2025-03-14 17:12:27,614 [INFO] 💤 Sleeping for 2 seconds...
2025-03-14 17:12:29,617 [INFO] ✓ Resuming...
2025-03-14 17:12:30,334 [INFO] HTTP Request: POST https://rpc.helius.xyz/?api-key=708fa1db-5bba-4eaf-90c3-58750eb7090f "HTTP/1.1 200 OK"
2025-03-14 17:12:30,338 [WARNING] Attempt 2/3 failed: UnsupportedTransactionVersionMessage { message: "Transaction version (0) is not supported by the requesting client. Please try the request again with the following configuration parameter: \"maxSupportedTransactionVersion\": 0" }
2025-03-14 17:12:30,338 [INFO] 💤 Sleeping for 4 seconds...
2025-03-14 17:12:34,344 [INFO] ✓ Resuming...
2025-03-14 17:12:34,926 [INFO] HTTP Request: POST https://rpc.helius.xyz/?api-key=708fa1db-5bba-4eaf-90c3-58750eb7090f "HTTP/1.1 200 OK"
2025-03-14 17:12:34,928 [WARNING] Attempt 3/3 failed: UnsupportedTransactionVersionMessage { message: "Transaction version (0) is not supported by the requesting client. Please try the request again with the following configuration parameter: \"maxSupportedTransactionVersion\": 0" }
2025-03-14 17:12:34,928 [INFO] 💤 Sleeping for 8 seconds...
2025-03-14 17:12:42,931 [INFO] ✓ Resuming...
2025-03-14 17:12:42,934 [ERROR] Max retries (3) exceeded. Last error: UnsupportedTransactionVersionMessage { message: "Transaction version (0) is not supported by the requesting client. Please try the request again with the following configuration parameter: \"maxSupportedTransactionVersion\": 0" }
2025-03-14 17:12:42,934 [ERROR] Error processing transaction 4qhQ8x84ZkuDH2nwfBEiuu5ow7ESUqmnBNFYbgnZCiMrDd8Z9sabHUupXwpQedhQSppJAxSofkjBZmH852uF5Ywh: UnsupportedTransactionVersionMessage { message: "Transaction version (0) is not supported by the requesting client. Please try the request again with the following configuration parameter: \"maxSupportedTransactionVersion\": 0" }
2025-03-14 17:12:44,029 [INFO] HTTP Request: POST https://rpc.helius.xyz/?api-key=708fa1db-5bba-4eaf-90c3-58750eb7090f "HTTP/1.1 200 OK"
2025-03-14 17:12:44,031 [WARNING] Attempt 1/3 failed: UnsupportedTransactionVersionMessage { message: "Transaction version (0) is not supported by the requesting client. Please try the request again with the following configuration parameter: \"maxSupportedTransactionVersion\": 0" }
2025-03-14 17:12:44,031 [INFO] 💤 Sleeping for 2 seconds...
