2025-03-14 17:28:49,367 [INFO] 
📊 Analyzing wallet: CCreeLG968TrCxJWLZj3FoZpYzZ9HUviCZJMZkkZ4FWW
2025-03-14 17:28:49,367 [INFO] ═══════════════════════════
2025-03-14 17:28:49,609 [INFO] HTTP Request: POST https://rpc.helius.xyz/?api-key=708fa1db-5bba-4eaf-90c3-58750eb7090f "HTTP/1.1 200 OK"
2025-03-14 17:28:49,610 [INFO] Found 1 token accounts
2025-03-14 17:28:49,673 [INFO] HTTP Request: POST https://rpc.helius.xyz/?api-key=708fa1db-5bba-4eaf-90c3-58750eb7090f "HTTP/1.1 200 OK"
2025-03-14 17:28:49,675 [INFO] 
🔍 Checking transactions for token account: D74X5QWP2kENui4PLXHr2ZKzsWvWfoTYofevfP94rDE6
2025-03-14 17:28:50,378 [INFO] HTTP Request: POST https://rpc.helius.xyz/?api-key=708fa1db-5bba-4eaf-90c3-58750eb7090f "HTTP/1.1 200 OK"
2025-03-14 17:28:50,388 [INFO] Processing 136 transactions...
2025-03-14 17:28:50,437 [INFO] HTTP Request: POST https://rpc.helius.xyz/?api-key=708fa1db-5bba-4eaf-90c3-58750eb7090f "HTTP/1.1 200 OK"
2025-03-14 17:28:51,497 [INFO] HTTP Request: POST https://rpc.helius.xyz/?api-key=708fa1db-5bba-4eaf-90c3-58750eb7090f "HTTP/1.1 200 OK"
2025-03-14 17:28:52,560 [INFO] HTTP Request: POST https://rpc.helius.xyz/?api-key=708fa1db-5bba-4eaf-90c3-58750eb7090f "HTTP/1.1 200 OK"
2025-03-14 17:28:54,322 [INFO] HTTP Request: POST https://rpc.helius.xyz/?api-key=708fa1db-5bba-4eaf-90c3-58750eb7090f "HTTP/1.1 200 OK"
2025-03-14 17:28:55,382 [INFO] HTTP Request: POST https://rpc.helius.xyz/?api-key=708fa1db-5bba-4eaf-90c3-58750eb7090f "HTTP/1.1 200 OK"
2025-03-14 17:28:56,435 [INFO] HTTP Request: POST https://rpc.helius.xyz/?api-key=708fa1db-5bba-4eaf-90c3-58750eb7090f "HTTP/1.1 200 OK"
2025-03-14 17:28:57,489 [INFO] HTTP Request: POST https://rpc.helius.xyz/?api-key=708fa1db-5bba-4eaf-90c3-58750eb7090f "HTTP/1.1 200 OK"
2025-03-14 17:28:58,551 [INFO] HTTP Request: POST https://rpc.helius.xyz/?api-key=708fa1db-5bba-4eaf-90c3-58750eb7090f "HTTP/1.1 200 OK"
2025-03-14 17:28:59,601 [INFO] HTTP Request: POST https://rpc.helius.xyz/?api-key=708fa1db-5bba-4eaf-90c3-58750eb7090f "HTTP/1.1 200 OK"
2025-03-14 17:29:00,661 [INFO] HTTP Request: POST https://rpc.helius.xyz/?api-key=708fa1db-5bba-4eaf-90c3-58750eb7090f "HTTP/1.1 200 OK"
2025-03-14 17:29:01,720 [INFO] HTTP Request: POST https://rpc.helius.xyz/?api-key=708fa1db-5bba-4eaf-90c3-58750eb7090f "HTTP/1.1 200 OK"
2025-03-14 17:29:02,774 [INFO] HTTP Request: POST https://rpc.helius.xyz/?api-key=708fa1db-5bba-4eaf-90c3-58750eb7090f "HTTP/1.1 200 OK"
2025-03-14 17:29:03,824 [INFO] HTTP Request: POST https://rpc.helius.xyz/?api-key=708fa1db-5bba-4eaf-90c3-58750eb7090f "HTTP/1.1 200 OK"
2025-03-14 17:29:04,873 [INFO] HTTP Request: POST https://rpc.helius.xyz/?api-key=708fa1db-5bba-4eaf-90c3-58750eb7090f "HTTP/1.1 200 OK"
2025-03-14 17:29:05,937 [INFO] HTTP Request: POST https://rpc.helius.xyz/?api-key=708fa1db-5bba-4eaf-90c3-58750eb7090f "HTTP/1.1 200 OK"
2025-03-14 17:29:07,586 [INFO] HTTP Request: POST https://rpc.helius.xyz/?api-key=708fa1db-5bba-4eaf-90c3-58750eb7090f "HTTP/1.1 200 OK"
2025-03-14 17:29:08,659 [INFO] HTTP Request: POST https://rpc.helius.xyz/?api-key=708fa1db-5bba-4eaf-90c3-58750eb7090f "HTTP/1.1 200 OK"
2025-03-14 17:29:09,775 [INFO] HTTP Request: POST https://rpc.helius.xyz/?api-key=708fa1db-5bba-4eaf-90c3-58750eb7090f "HTTP/1.1 200 OK"
2025-03-14 17:29:10,836 [INFO] HTTP Request: POST https://rpc.helius.xyz/?api-key=708fa1db-5bba-4eaf-90c3-58750eb7090f "HTTP/1.1 200 OK"
2025-03-14 17:29:11,883 [INFO] HTTP Request: POST https://rpc.helius.xyz/?api-key=708fa1db-5bba-4eaf-90c3-58750eb7090f "HTTP/1.1 200 OK"
2025-03-14 17:29:12,941 [INFO] HTTP Request: POST https://rpc.helius.xyz/?api-key=708fa1db-5bba-4eaf-90c3-58750eb7090f "HTTP/1.1 200 OK"
2025-03-14 17:29:14,010 [INFO] HTTP Request: POST https://rpc.helius.xyz/?api-key=708fa1db-5bba-4eaf-90c3-58750eb7090f "HTTP/1.1 200 OK"
2025-03-14 17:29:15,072 [INFO] HTTP Request: POST https://rpc.helius.xyz/?api-key=708fa1db-5bba-4eaf-90c3-58750eb7090f "HTTP/1.1 200 OK"
2025-03-14 17:29:16,121 [INFO] HTTP Request: POST https://rpc.helius.xyz/?api-key=708fa1db-5bba-4eaf-90c3-58750eb7090f "HTTP/1.1 200 OK"
2025-03-14 17:29:17,184 [INFO] HTTP Request: POST https://rpc.helius.xyz/?api-key=708fa1db-5bba-4eaf-90c3-58750eb7090f "HTTP/1.1 200 OK"
2025-03-14 17:29:19,025 [INFO] HTTP Request: POST https://rpc.helius.xyz/?api-key=708fa1db-5bba-4eaf-90c3-58750eb7090f "HTTP/1.1 200 OK"
2025-03-14 17:29:20,090 [INFO] HTTP Request: POST https://rpc.helius.xyz/?api-key=708fa1db-5bba-4eaf-90c3-58750eb7090f "HTTP/1.1 200 OK"
2025-03-14 17:29:21,594 [INFO] HTTP Request: POST https://rpc.helius.xyz/?api-key=708fa1db-5bba-4eaf-90c3-58750eb7090f "HTTP/1.1 200 OK"
2025-03-14 17:29:22,662 [INFO] HTTP Request: POST https://rpc.helius.xyz/?api-key=708fa1db-5bba-4eaf-90c3-58750eb7090f "HTTP/1.1 200 OK"
2025-03-14 17:29:23,713 [INFO] HTTP Request: POST https://rpc.helius.xyz/?api-key=708fa1db-5bba-4eaf-90c3-58750eb7090f "HTTP/1.1 200 OK"
2025-03-14 17:29:24,783 [INFO] HTTP Request: POST https://rpc.helius.xyz/?api-key=708fa1db-5bba-4eaf-90c3-58750eb7090f "HTTP/1.1 200 OK"
2025-03-14 17:29:25,838 [INFO] HTTP Request: POST https://rpc.helius.xyz/?api-key=708fa1db-5bba-4eaf-90c3-58750eb7090f "HTTP/1.1 200 OK"
2025-03-14 17:29:26,898 [INFO] HTTP Request: POST https://rpc.helius.xyz/?api-key=708fa1db-5bba-4eaf-90c3-58750eb7090f "HTTP/1.1 200 OK"
2025-03-14 17:29:27,959 [INFO] HTTP Request: POST https://rpc.helius.xyz/?api-key=708fa1db-5bba-4eaf-90c3-58750eb7090f "HTTP/1.1 200 OK"
2025-03-14 17:29:29,820 [INFO] HTTP Request: POST https://rpc.helius.xyz/?api-key=708fa1db-5bba-4eaf-90c3-58750eb7090f "HTTP/1.1 200 OK"
2025-03-14 17:29:30,873 [INFO] HTTP Request: POST https://rpc.helius.xyz/?api-key=708fa1db-5bba-4eaf-90c3-58750eb7090f "HTTP/1.1 200 OK"
2025-03-14 17:29:31,925 [INFO] HTTP Request: POST https://rpc.helius.xyz/?api-key=708fa1db-5bba-4eaf-90c3-58750eb7090f "HTTP/1.1 200 OK"
2025-03-14 17:29:32,987 [INFO] HTTP Request: POST https://rpc.helius.xyz/?api-key=708fa1db-5bba-4eaf-90c3-58750eb7090f "HTTP/1.1 200 OK"
2025-03-14 17:29:34,594 [INFO] HTTP Request: POST https://rpc.helius.xyz/?api-key=708fa1db-5bba-4eaf-90c3-58750eb7090f "HTTP/1.1 200 OK"
2025-03-14 17:29:35,642 [INFO] HTTP Request: POST https://rpc.helius.xyz/?api-key=708fa1db-5bba-4eaf-90c3-58750eb7090f "HTTP/1.1 200 OK"
2025-03-14 17:29:36,698 [INFO] HTTP Request: POST https://rpc.helius.xyz/?api-key=708fa1db-5bba-4eaf-90c3-58750eb7090f "HTTP/1.1 200 OK"
2025-03-14 17:29:37,778 [INFO] HTTP Request: POST https://rpc.helius.xyz/?api-key=708fa1db-5bba-4eaf-90c3-58750eb7090f "HTTP/1.1 200 OK"
2025-03-14 17:29:38,836 [INFO] HTTP Request: POST https://rpc.helius.xyz/?api-key=708fa1db-5bba-4eaf-90c3-58750eb7090f "HTTP/1.1 200 OK"
2025-03-14 17:29:39,904 [INFO] HTTP Request: POST https://rpc.helius.xyz/?api-key=708fa1db-5bba-4eaf-90c3-58750eb7090f "HTTP/1.1 200 OK"
2025-03-14 17:29:40,961 [INFO] HTTP Request: POST https://rpc.helius.xyz/?api-key=708fa1db-5bba-4eaf-90c3-58750eb7090f "HTTP/1.1 200 OK"
2025-03-14 17:29:42,922 [INFO] HTTP Request: POST https://rpc.helius.xyz/?api-key=708fa1db-5bba-4eaf-90c3-58750eb7090f "HTTP/1.1 200 OK"
2025-03-14 17:29:44,696 [INFO] HTTP Request: POST https://rpc.helius.xyz/?api-key=708fa1db-5bba-4eaf-90c3-58750eb7090f "HTTP/1.1 200 OK"
2025-03-14 17:29:45,744 [INFO] HTTP Request: POST https://rpc.helius.xyz/?api-key=708fa1db-5bba-4eaf-90c3-58750eb7090f "HTTP/1.1 200 OK"
2025-03-14 17:29:46,804 [INFO] HTTP Request: POST https://rpc.helius.xyz/?api-key=708fa1db-5bba-4eaf-90c3-58750eb7090f "HTTP/1.1 200 OK"
2025-03-14 17:29:47,882 [INFO] HTTP Request: POST https://rpc.helius.xyz/?api-key=708fa1db-5bba-4eaf-90c3-58750eb7090f "HTTP/1.1 200 OK"
